// Jest Snapshot v1, https://goo.gl/fbAQLP

exports[`Pagination render should render the component 1`] = `
<div
  className="COMPUTED_CLASS_NAME"
>
  <div
    className="Button"
  />
  <span
    className="pagination_page_number"
  >
    0
  </span>
  <div
    className="Button"
  />
</div>
`;

exports[`Pagination render should render the component 2`] = `
Array [
  Array [
    "pagination_button",
    "button_right",
    "disable",
  ],
]
`;
