// Jest Snapshot v1, https://goo.gl/fbAQLP

exports[`CreateCategoryModal render should render the component - with open modal 1`] = `
<div
  className="Modal"
/>
`;
